READS 4
MOVE 7 1
DIO 13 1
DIO 14 1
READS 4
MOVE 7 1
DIO 13 1
DIO 14 1
READS 4
MOVE 7 1
DIO 13 1
DIO 14 1
READS 4
MOVE 7 1
DIO 13 1
DIO 14 1
READS 4
MOVE 7 1
DIO 13 1
DIO 14 1
READS 4
MOVE 7 1
DIO 13 1
DIO 14 1
READS 4
MOVE 7 1
DIO 13 1
DIO 14 1
READS 4
MOVE 7 1
DIO 13 1
DIO 14 1
READS 4
MOVE 7 1
DIO 13 1
DIO 14 1
READS 4
MOVE 7 1
DIO 13 1
DIO 14 1
READS 4
MOVE 7 1
DIO 13 1
DIO 14 1
READS 4
READS 4
READS 4
READS 4
READS 4
READS 4
READS 4
READS 4
READS 4
